// Jest Snapshot v1, https://goo.gl/fbAQLP

exports[`Footer component renders correctly 1`] = `
Array [
  <footer
    className="footer"
  >
    <div
      className="footer-item"
    >
      <div
        className="name"
      >
        Inquiries
      </div>
      <div
        className="contact-option"
      >
        <a
          className="phone"
          href="tel:+1-306-999-5295"
        >
          +1-306-999-5295
        </a>
      </div>
      <div
        className="contact-option"
      >
        <a
          className="email"
          href="mailto:info@mapledge.ca"
        >
          info@mapledge.ca
        </a>
      </div>
    </div>
    <div
      className="footer-item"
    >
      <div
        className="name"
      >
        Human Resource
      </div>
      <div
        className="contact-option"
      >
        <a
          className="phone"
          href="tel:+1-306-999-5295"
        >
          +1-306-999-5295
        </a>
      </div>
      <div
        className="contact-option"
      >
        <a
          className="email"
          href="mailto:hr@mapledge.ca"
        >
          hr@mapledge.ca
        </a>
      </div>
    </div>
  </footer>,
  <div
    className="footer-below"
  >
    <div>
      Copyright Â© 
      Mapledge Staffing
       
      2019
    </div>
    <div>
      Built with
       
      <span
        aria-label="heart"
        role="img"
      >
        ðŸ’–
      </span>
      by the
      <a
        href="mailto:info@mapledge.ca"
        style={
          Object {
            "color": "white",
          }
        }
      >
        Kashyap
      </a>
      team
    </div>
  </div>,
]
`;
